// Jest Snapshot v1, https://goo.gl/fbAQLP

exports[`renders learn react link 1`] = `
<div>
  <header
    className="MuiPaper-root MuiPaper-elevation MuiPaper-elevation4 MuiAppBar-root MuiAppBar-colorPrimary MuiAppBar-positionSticky css-7e0s21-MuiPaper-root-MuiAppBar-root"
  >
    <div
      className="MuiContainer-root MuiContainer-maxWidthXl css-19r6kue-MuiContainer-root"
    >
      <div
        className="MuiToolbar-root MuiToolbar-regular css-1s75bfk-MuiToolbar-root"
      >
        <button
          className="MuiButtonBase-root MuiButton-root MuiButton-h5 MuiButton-h5Primary MuiButton-sizeMedium MuiButton-h5SizeMedium MuiButton-root MuiButton-h5 MuiButton-h5Primary MuiButton-sizeMedium MuiButton-h5SizeMedium css-1bmlfez-MuiButtonBase-root-MuiButton-root"
          disabled={false}
          onBlur={[Function]}
          onContextMenu={[Function]}
          onDragLeave={[Function]}
          onFocus={[Function]}
          onKeyDown={[Function]}
          onKeyUp={[Function]}
          onMouseDown={[Function]}
          onMouseLeave={[Function]}
          onMouseUp={[Function]}
          onTouchEnd={[Function]}
          onTouchMove={[Function]}
          onTouchStart={[Function]}
          tabIndex={0}
          type="button"
        >
          <span
            className="MuiButton-startIcon MuiButton-iconSizeMedium css-1d6wzja-MuiButton-startIcon"
          >
            <svg
              aria-hidden={true}
              className="MuiSvgIcon-root MuiSvgIcon-fontSizeMedium css-i4bv87-MuiSvgIcon-root"
              data-testid="AdbIcon"
              focusable="false"
              viewBox="0 0 24 24"
            >
              <path
                d="M5 16c0 3.87 3.13 7 7 7s7-3.13 7-7v-4H5v4zM16.12 4.37l2.1-2.1-.82-.83-2.3 2.31C14.16 3.28 13.12 3 12 3s-2.16.28-3.09.75L6.6 1.44l-.82.83 2.1 2.1C6.14 5.64 5 7.68 5 10v1h14v-1c0-2.32-1.14-4.36-2.88-5.63zM9 9c-.55 0-1-.45-1-1s.45-1 1-1 1 .45 1 1-.45 1-1 1zm6 0c-.55 0-1-.45-1-1s.45-1 1-1 1 .45 1 1-.45 1-1 1z"
              />
            </svg>
          </span>
          LOGO
        </button>
        <svg
          aria-hidden={true}
          className="MuiSvgIcon-root MuiSvgIcon-fontSizeMedium css-1er831-MuiSvgIcon-root"
          data-testid="MenuIcon"
          focusable="false"
          viewBox="0 0 24 24"
        >
          <path
            d="M3 18h18v-2H3v2zm0-5h18v-2H3v2zm0-7v2h18V6H3z"
          />
        </svg>
        <div
          className="MuiBox-root css-1r0tutv"
        >
          <div
            className="MuiInputBase-root MuiInputBase-colorPrimary css-1le28he-MuiInputBase-root"
            onClick={[Function]}
          >
            <input
              className="MuiInputBase-input css-yz9k0d-MuiInputBase-input"
              onAnimationStart={[Function]}
              onBlur={[Function]}
              onChange={[Function]}
              onFocus={[Function]}
              placeholder="Search"
              type="text"
            />
          </div>
        </div>
        <div
          className="MuiBox-root css-1xdhyk6"
        >
          <span
            className="MuiBadge-root css-1c32n2y-MuiBadge-root"
          >
            <svg
              aria-hidden={true}
              className="MuiSvgIcon-root MuiSvgIcon-fontSizeMedium css-i4bv87-MuiSvgIcon-root"
              data-testid="MailIcon"
              focusable="false"
              viewBox="0 0 24 24"
            >
              <path
                d="M20 4H4c-1.1 0-1.99.9-1.99 2L2 18c0 1.1.9 2 2 2h16c1.1 0 2-.9 2-2V6c0-1.1-.9-2-2-2zm0 4-8 5-8-5V6l8 5 8-5v2z"
              />
            </svg>
            <span
              className="MuiBadge-badge MuiBadge-standard MuiBadge-invisible MuiBadge-anchorOriginTopRight MuiBadge-anchorOriginTopRightRectangular MuiBadge-overlapRectangular css-1s52at1-MuiBadge-badge"
            />
          </span>
        </div>
      </div>
    </div>
  </header>
  <div
    className="MuiStack-root css-gmwslw-MuiStack-root"
  >
    <div
      className="MuiBox-root css-1gn42bd"
    >
      Side bar
    </div>
    <div
      className="MuiBox-root css-1m1kqp3"
    >
      Feed
    </div>
    <div
      className="MuiBox-root css-1ryyclo"
    >
      Right bar
    </div>
  </div>
</div>
`;
